// Jest Snapshot v1, https://goo.gl/fbAQLP

exports[`GridColumnHeading component behaviour matches the screenshot 1`] = `
<p
  class="gl-text-gray-500 gl-border-b-solid gl-border-b-2 gl-border-b-gray-100 gl-mb-0 gl-p-5"
>
  
  Test heading

</p>
`;
