// Jest Snapshot v1, https://goo.gl/fbAQLP

exports[`NetworkPolicyList component given there is a default environment with no data to display shows the table empty state 1`] = `undefined`;

exports[`NetworkPolicyList component renders policies table 1`] = `
<table
  aria-busy="false"
  aria-colcount="3"
  aria-describedby="__BVID__335__caption_"
  aria-multiselectable="false"
  class="table b-table gl-table table-hover b-table-stacked-md b-table-selectable b-table-select-single"
  id="__BVID__335"
  role="table"
>
  <!---->
  <!---->
  <thead
    class="thead-white gl-text-gray-900 border-bottom"
    role="rowgroup"
  >
    <!---->
    <tr
      class=""
      role="row"
    >
      <th
        aria-colindex="1"
        class="w-50 font-weight-bold"
        role="columnheader"
        scope="col"
      >
        Name
      </th>
      <th
        aria-colindex="2"
        class="font-weight-bold"
        role="columnheader"
        scope="col"
      >
        Status
      </th>
      <th
        aria-colindex="3"
        class="font-weight-bold"
        role="columnheader"
        scope="col"
      >
        Last modified
      </th>
    </tr>
  </thead>
  <tbody
    class="gl-text-gray-900"
    role="rowgroup"
  >
    <!---->
    <tr
      aria-selected="false"
      class=""
      role="row"
      tabindex="0"
    >
      <td
        aria-colindex="1"
        class=""
        data-label="Name"
        role="cell"
      >
        <div>
          policy
        </div>
      </td>
      <td
        aria-colindex="2"
        class=""
        data-label="Status"
        role="cell"
      >
        <div>
          
      Enabled
    
        </div>
      </td>
      <td
        aria-colindex="3"
        class=""
        data-label="Last modified"
        role="cell"
      >
        <div>
          
      in 4 years
    
        </div>
      </td>
    </tr>
    <tr
      aria-selected="false"
      class=""
      role="row"
      tabindex="0"
    >
      <td
        aria-colindex="1"
        class=""
        data-label="Name"
        role="cell"
      >
        <div>
          drop-outbound
        </div>
      </td>
      <td
        aria-colindex="2"
        class=""
        data-label="Status"
        role="cell"
      >
        <div>
          
      Disabled
    
        </div>
      </td>
      <td
        aria-colindex="3"
        class=""
        data-label="Last modified"
        role="cell"
      >
        <div>
          
      
    
        </div>
      </td>
    </tr>
    <tr
      aria-selected="false"
      class=""
      role="row"
      tabindex="0"
    >
      <td
        aria-colindex="1"
        class=""
        data-label="Name"
        role="cell"
      >
        <div>
          allow-inbound-http
        </div>
      </td>
      <td
        aria-colindex="2"
        class=""
        data-label="Status"
        role="cell"
      >
        <div>
          
      Disabled
    
        </div>
      </td>
      <td
        aria-colindex="3"
        class=""
        data-label="Last modified"
        role="cell"
      >
        <div>
          
      
    
        </div>
      </td>
    </tr>
    <!---->
    <!---->
  </tbody>
  <!---->
</table>
`;
