// Jest Snapshot v1, https://goo.gl/fbAQLP

exports[`TrialStatusWidget component without the optional containerId prop matches the snapshot 1`] = `
<gl-link-stub
  data-track-event="click_link"
  data-track-label="trial_status_widget"
  data-track-property="experiment:show_trial_status_in_sidebar"
  href="billing/path-for/group"
  title="Ultimate Trial – 20 days left"
>
  <div
    class="gl-display-flex gl-flex-direction-column gl-align-items-stretch gl-w-full"
  >
    <span
      class="gl-display-flex gl-align-items-center"
    >
      <span
        class="nav-icon-container svg-container"
      >
        <img
          class="svg"
          src="illustrations/golden_tanuki.svg"
          width="16"
        />
      </span>
       
      <span
        class="nav-item-name gl-white-space-normal"
      >
        
        Ultimate Trial – 20 days left
      
      </span>
    </span>
     
    <span
      class="gl-display-flex gl-align-items-stretch gl-mt-3"
    >
      <gl-progress-bar-stub
        class="gl-flex-grow-1"
        value="10"
      />
    </span>
  </div>
</gl-link-stub>
`;
