// Jest Snapshot v1, https://goo.gl/fbAQLP

exports[`GroupActivity component matches the snapshot 1`] = `
<div
  class="gl-card gl-mb-5"
>
  <div
    class="gl-card-header"
  >
    <strong>
      Recent activity (last 90 days)
    </strong>
  </div>
   
  <div
    class="gl-card-body"
  >
    <div
      class="gl-display-flex"
    >
      <div
        class="js-metric-card-item gl-flex-grow-1 gl-text-center"
      >
        <h3
          class="gl-my-2"
        >
          10
        </h3>
         
        <p
          class="text-secondary gl-font-sm gl-mb-2"
        >
          
          Merge requests opened
          
          <!---->
        </p>
      </div>
      <div
        class="js-metric-card-item gl-flex-grow-1 gl-text-center"
      >
        <h3
          class="gl-my-2"
        >
          20
        </h3>
         
        <p
          class="text-secondary gl-font-sm gl-mb-2"
        >
          
          Issues opened
          
          <!---->
        </p>
      </div>
      <div
        class="js-metric-card-item gl-flex-grow-1 gl-text-center"
      >
        <h3
          class="gl-my-2"
        >
          30
        </h3>
         
        <p
          class="text-secondary gl-font-sm gl-mb-2"
        >
          
          Members added
          
          <!---->
        </p>
      </div>
    </div>
  </div>
   
  <!---->
</div>
`;
